// Jest Snapshot v1, https://goo.gl/fbAQLP

exports[`<NewRequestForm /> renders correctly 1`] = `
<div>
  <undefined />
</div>
`;
